2026-05-18 10:36:37 | INFO  | -        | system               | 系统启动 | 日志系统已初始化 | Legal Consultation API v2.0.0 | 日志系统已初始化 | Legal Consultation API v2.0.0
2026-05-18 10:36:38 | INFO  | -        | system               | 系统关闭 | 服务正在关闭 | 服务正在关闭
2026-05-18 10:37:01 | INFO  | -        | system               | 系统启动 | 日志系统已初始化 | Legal Consultation API v2.0.0 | 日志系统已初始化 | Legal Consultation API v2.0.0
2026-05-18 10:37:01 | INFO  | -        | system               | GET /docs | status=200 | elapsed=0.000s | status=200 | elapsed=0.000s
2026-05-18 10:37:03 | INFO  | -        | system               | GET /openapi.json | status=200 | elapsed=0.036s | status=200 | elapsed=0.036s
2026-05-18 10:37:27 | INFO  | -        | system               | POST /ask | status=200 | elapsed=4.206s | status=200 | elapsed=4.206s
2026-05-18 10:39:54 | INFO  | string   | system               | 初始化 RAG_service (冷启动) | 首次加载嵌入模型 + 重排序模型 + BM25 编码器 | 首次加载嵌入模型 + 重排序模型 + BM25 编码器
2026-05-18 10:40:13 | INFO  | string   | system               | RAG_service 初始化完成 | 嵌入 + 重排序 + BM25 模型已就绪 | 嵌入 + 重排序 + BM25 模型已就绪
2026-05-18 10:41:41 | INFO  | -        | system               | POST /ask | status=200 | elapsed=134.892s | status=200 | elapsed=134.892s
2026-05-18 10:46:29 | INFO  | -        | system               | 系统关闭 | 服务正在关闭 | 服务正在关闭
2026-05-18 10:47:05 | INFO  | -        | system               | 系统启动 | 日志系统已初始化 | Legal Consultation API v2.0.0 | 日志系统已初始化 | Legal Consultation API v2.0.0
2026-05-18 10:47:05 | INFO  | -        | system               | 系统关闭 | 服务正在关闭 | 服务正在关闭
2026-05-18 10:47:27 | INFO  | -        | system               | 系统启动 | 日志系统已初始化 | Legal Consultation API v2.0.0 | 日志系统已初始化 | Legal Consultation API v2.0.0
2026-05-18 10:47:27 | INFO  | -        | system               | 系统关闭 | 服务正在关闭 | 服务正在关闭
2026-05-18 10:47:46 | INFO  | -        | system               | 系统启动 | 日志系统已初始化 | Legal Consultation API v2.0.0 | 日志系统已初始化 | Legal Consultation API v2.0.0
2026-05-18 10:48:25 | INFO  | -        | system               | 系统关闭 | 服务正在关闭 | 服务正在关闭
2026-05-18 10:48:46 | INFO  | -        | system               | 系统启动 | 日志系统已初始化 | Legal Consultation API v2.0.0 | 日志系统已初始化 | Legal Consultation API v2.0.0
2026-05-18 10:48:46 | INFO  | -        | system               | 系统关闭 | 服务正在关闭 | 服务正在关闭
2026-05-18 10:49:06 | INFO  | -        | system               | 系统启动 | 日志系统已初始化 | Legal Consultation API v2.0.0 | 日志系统已初始化 | Legal Consultation API v2.0.0
2026-05-18 10:49:36 | INFO  | -        | system               | 系统关闭 | 服务正在关闭 | 服务正在关闭
2026-05-18 10:50:02 | INFO  | -        | system               | 系统启动 | 日志系统已初始化 | Legal Consultation API v2.0.0 | 日志系统已初始化 | Legal Consultation API v2.0.0
2026-05-18 10:50:02 | INFO  | -        | system               | 系统关闭 | 服务正在关闭 | 服务正在关闭
2026-05-18 10:50:27 | INFO  | -        | system               | 系统启动 | 日志系统已初始化 | Legal Consultation API v2.0.0 | 日志系统已初始化 | Legal Consultation API v2.0.0
2026-05-18 10:50:27 | INFO  | -        | system               | 系统关闭 | 服务正在关闭 | 服务正在关闭
2026-05-18 10:50:46 | INFO  | -        | system               | 系统启动 | 日志系统已初始化 | Legal Consultation API v2.0.0 | 日志系统已初始化 | Legal Consultation API v2.0.0
2026-05-18 10:51:24 | INFO  | string   | system               | 初始化 RAG_service (冷启动) | 首次加载嵌入模型 + 重排序模型 + BM25 编码器 | 首次加载嵌入模型 + 重排序模型 + BM25 编码器
2026-05-18 10:51:48 | INFO  | string   | system               | RAG_service 初始化完成 | 嵌入 + 重排序 + BM25 模型已就绪 | 嵌入 + 重排序 + BM25 模型已就绪
2026-05-18 10:52:26 | INFO  | -        | system               | POST /ask | status=200 | elapsed=82.205s | status=200 | elapsed=82.205s
2026-05-18 10:54:55 | INFO  | -        | system               | 系统关闭 | 服务正在关闭 | 服务正在关闭
2026-05-18 10:57:46 | INFO  | -        | system               | 系统启动 | 日志系统已初始化 | Legal Consultation API v2.0.0 | 日志系统已初始化 | Legal Consultation API v2.0.0
2026-05-18 10:57:46 | INFO  | -        | system               | 系统关闭 | 服务正在关闭 | 服务正在关闭
2026-05-18 10:58:03 | INFO  | -        | system               | 系统启动 | 日志系统已初始化 | Legal Consultation API v2.0.0 | 日志系统已初始化 | Legal Consultation API v2.0.0
2026-05-18 11:20:45 | INFO  | -        | system               | 系统关闭 | 服务正在关闭 | 服务正在关闭
2026-05-18 11:21:06 | INFO  | -        | system               | 系统启动 | 日志系统已初始化 | Legal Consultation API v2.0.0 | 日志系统已初始化 | Legal Consultation API v2.0.0
2026-05-18 11:21:06 | INFO  | -        | system               | 系统关闭 | 服务正在关闭 | 服务正在关闭
2026-05-18 11:21:23 | INFO  | -        | system               | 系统启动 | 日志系统已初始化 | Legal Consultation API v2.0.0 | 日志系统已初始化 | Legal Consultation API v2.0.0
2026-05-18 11:21:24 | INFO  | -        | system               | 系统关闭 | 服务正在关闭 | 服务正在关闭
2026-05-18 11:21:44 | INFO  | -        | system               | 系统启动 | 日志系统已初始化 | Legal Consultation API v2.0.0 | 日志系统已初始化 | Legal Consultation API v2.0.0
2026-05-18 11:22:39 | INFO  | -        | system               | 系统关闭 | 服务正在关闭 | 服务正在关闭
2026-05-18 11:22:56 | INFO  | -        | system               | 系统启动 | 日志系统已初始化 | Legal Consultation API v2.0.0 | 日志系统已初始化 | Legal Consultation API v2.0.0
2026-05-18 11:26:30 | INFO  | -        | system               | 系统关闭 | 服务正在关闭 | 服务正在关闭
2026-05-18 11:26:50 | INFO  | -        | system               | 系统启动 | 日志系统已初始化 | Legal Consultation API v2.0.0 | 日志系统已初始化 | Legal Consultation API v2.0.0
2026-05-18 11:26:50 | INFO  | -        | system               | 系统关闭 | 服务正在关闭 | 服务正在关闭
2026-05-18 11:27:11 | INFO  | -        | system               | 系统启动 | 日志系统已初始化 | Legal Consultation API v2.0.0 | 日志系统已初始化 | Legal Consultation API v2.0.0
2026-05-18 11:27:11 | INFO  | -        | system               | 系统关闭 | 服务正在关闭 | 服务正在关闭
2026-05-18 11:27:29 | INFO  | -        | system               | 系统启动 | 日志系统已初始化 | Legal Consultation API v2.0.0 | 日志系统已初始化 | Legal Consultation API v2.0.0
2026-05-18 11:30:23 | INFO  | -        | system               | 系统关闭 | 服务正在关闭 | 服务正在关闭
2026-05-18 16:08:48 | INFO  | -        | system               | 系统启动 | 日志系统已初始化 | Legal Consultation API v2.0.0 | 日志系统已初始化 | Legal Consultation API v2.0.0
2026-05-18 16:08:57 | INFO  | -        | system               | GET /docs | status=200 | elapsed=0.001s | status=200 | elapsed=0.001s
2026-05-18 16:08:58 | INFO  | -        | system               | GET /openapi.json | status=200 | elapsed=0.025s | status=200 | elapsed=0.025s
2026-05-18 16:35:21 | INFO  | -        | system               | 系统关闭 | 服务正在关闭 | 服务正在关闭
2026-05-18 16:35:42 | INFO  | -        | system               | 系统启动 | 日志系统已初始化 | Legal Consultation API v2.0.0 | 日志系统已初始化 | Legal Consultation API v2.0.0
2026-05-18 16:40:26 | INFO  | -        | system               | 系统关闭 | 服务正在关闭 | 服务正在关闭
2026-05-18 16:40:48 | INFO  | -        | system               | 系统启动 | 日志系统已初始化 | Legal Consultation API v2.0.0 | 日志系统已初始化 | Legal Consultation API v2.0.0
2026-05-18 16:40:49 | INFO  | -        | system               | 系统关闭 | 服务正在关闭 | 服务正在关闭
2026-05-18 16:41:08 | INFO  | -        | system               | 系统启动 | 日志系统已初始化 | Legal Consultation API v2.0.0 | 日志系统已初始化 | Legal Consultation API v2.0.0
2026-05-18 16:46:36 | INFO  | null     | system               | 初始化 Memory Embedder (冷启动) | model=BAAI/bge-large-zh-v1.5 | model=BAAI/bge-large-zh-v1.5
2026-05-18 16:46:51 | INFO  | null     | system               | 初始化 RAG_service (冷启动) | 首次加载嵌入模型 + 重排序模型 + BM25 编码器 | 首次加载嵌入模型 + 重排序模型 + BM25 编码器
2026-05-18 16:47:14 | INFO  | null     | system               | RAG_service 初始化完成 | 嵌入 + 重排序 + BM25 模型已就绪 | 嵌入 + 重排序 + BM25 模型已就绪
2026-05-18 16:52:39 | INFO  | -        | system               | POST /ask | status=500 | elapsed=396.910s | status=500 | elapsed=396.910s
2026-05-18 17:18:19 | INFO  | -        | system               | 系统关闭 | 服务正在关闭 | 服务正在关闭
2026-05-18 17:18:53 | INFO  | -        | system               | 系统启动 | 日志系统已初始化 | Legal Consultation API v2.0.0 | 日志系统已初始化 | Legal Consultation API v2.0.0
2026-05-18 17:18:53 | INFO  | -        | system               | 系统关闭 | 服务正在关闭 | 服务正在关闭
2026-05-18 17:19:13 | INFO  | -        | system               | 系统启动 | 日志系统已初始化 | Legal Consultation API v2.0.0 | 日志系统已初始化 | Legal Consultation API v2.0.0
2026-05-18 18:25:47 | INFO  | -        | system               | GET /docs | status=200 | elapsed=0.005s | status=200 | elapsed=0.005s
2026-05-18 18:25:47 | INFO  | -        | system               | GET /openapi.json | status=200 | elapsed=0.262s | status=200 | elapsed=0.262s
2026-05-18 21:33:15 | INFO  | -        | system               | 系统启动 | 日志系统已初始化 | Legal Consultation API v2.0.0 | 日志系统已初始化 | Legal Consultation API v2.0.0
2026-05-18 21:33:42 | INFO  | -        | system               | GET /docs | status=200 | elapsed=0.001s | status=200 | elapsed=0.001s
2026-05-18 21:33:42 | INFO  | -        | system               | GET /openapi.json | status=200 | elapsed=0.033s | status=200 | elapsed=0.033s
2026-05-18 21:33:56 | INFO  | -        | system               | POST /ask/stream | status=200 | elapsed=0.245s | status=200 | elapsed=0.245s
2026-05-18 21:39:08 | INFO  | -        | system               | 系统关闭 | 服务正在关闭 | 服务正在关闭
2026-05-18 21:49:33 | INFO  | -        | system               | 系统启动 | 日志系统已初始化 | Legal Consultation API v2.0.0 | 日志系统已初始化 | Legal Consultation API v2.0.0
2026-05-18 21:49:33 | INFO  | -        | system               | 系统关闭 | 服务正在关闭 | 服务正在关闭
2026-05-18 21:49:53 | INFO  | -        | system               | 系统启动 | 日志系统已初始化 | Legal Consultation API v2.0.0 | 日志系统已初始化 | Legal Consultation API v2.0.0
2026-05-18 21:51:09 | INFO  | -        | system               | 系统关闭 | 服务正在关闭 | 服务正在关闭
2026-05-18 21:51:29 | INFO  | -        | system               | 系统启动 | 日志系统已初始化 | Legal Consultation API v2.0.0 | 日志系统已初始化 | Legal Consultation API v2.0.0
2026-05-18 21:51:42 | INFO  | -        | system               | 系统关闭 | 服务正在关闭 | 服务正在关闭
2026-05-18 21:52:02 | INFO  | -        | system               | 系统启动 | 日志系统已初始化 | Legal Consultation API v2.0.0 | 日志系统已初始化 | Legal Consultation API v2.0.0
2026-05-18 21:52:02 | INFO  | -        | system               | 系统关闭 | 服务正在关闭 | 服务正在关闭
2026-05-18 21:52:23 | INFO  | -        | system               | 系统启动 | 日志系统已初始化 | Legal Consultation API v2.0.0 | 日志系统已初始化 | Legal Consultation API v2.0.0
2026-05-18 21:52:23 | INFO  | -        | system               | 系统关闭 | 服务正在关闭 | 服务正在关闭
2026-05-18 21:52:45 | INFO  | -        | system               | 系统启动 | 日志系统已初始化 | Legal Consultation API v2.0.0 | 日志系统已初始化 | Legal Consultation API v2.0.0
2026-05-18 21:52:45 | INFO  | -        | system               | 系统关闭 | 服务正在关闭 | 服务正在关闭
2026-05-18 21:53:13 | INFO  | -        | system               | 系统启动 | 日志系统已初始化 | Legal Consultation API v2.0.0 | 日志系统已初始化 | Legal Consultation API v2.0.0
2026-05-18 21:53:13 | INFO  | -        | system               | 系统关闭 | 服务正在关闭 | 服务正在关闭
2026-05-18 21:53:39 | INFO  | -        | system               | 系统启动 | 日志系统已初始化 | Legal Consultation API v2.0.0 | 日志系统已初始化 | Legal Consultation API v2.0.0
2026-05-18 21:53:39 | INFO  | -        | system               | 系统关闭 | 服务正在关闭 | 服务正在关闭
2026-05-18 21:54:20 | INFO  | -        | system               | 系统启动 | 日志系统已初始化 | Legal Consultation API v2.0.0 | 日志系统已初始化 | Legal Consultation API v2.0.0
2026-05-18 21:54:20 | INFO  | -        | system               | 系统关闭 | 服务正在关闭 | 服务正在关闭
2026-05-18 21:54:45 | INFO  | -        | system               | 系统启动 | 日志系统已初始化 | Legal Consultation API v2.0.0 | 日志系统已初始化 | Legal Consultation API v2.0.0
2026-05-18 21:54:45 | INFO  | -        | system               | 系统关闭 | 服务正在关闭 | 服务正在关闭
2026-05-18 21:55:06 | INFO  | -        | system               | 系统启动 | 日志系统已初始化 | Legal Consultation API v2.0.0 | 日志系统已初始化 | Legal Consultation API v2.0.0
2026-05-18 21:55:52 | INFO  | -        | system               | POST /ask/stream | status=200 | elapsed=0.192s | status=200 | elapsed=0.192s
2026-05-18 21:56:50 | INFO  | -        | system               | POST /ask/stream | status=200 | elapsed=0.035s | status=200 | elapsed=0.035s
2026-05-18 21:57:07 | INFO  | string   | system               | 初始化 RAG_service (冷启动) | 首次加载嵌入模型 + 重排序模型 + BM25 编码器 | 首次加载嵌入模型 + 重排序模型 + BM25 编码器
2026-05-18 21:57:31 | INFO  | string   | system               | RAG_service 初始化完成 | 嵌入 + 重排序 + BM25 模型已就绪 | 嵌入 + 重排序 + BM25 模型已就绪
2026-05-18 21:59:05 | INFO  | -        | system               | 系统关闭 | 服务正在关闭 | 服务正在关闭
2026-05-18 22:04:28 | INFO  | -        | system               | 系统启动 | 日志系统已初始化 | Legal Consultation API v2.0.0 | 日志系统已初始化 | Legal Consultation API v2.0.0
2026-05-18 22:05:43 | INFO  | -        | system               | GET /docs | status=200 | elapsed=0.000s | status=200 | elapsed=0.000s
2026-05-18 22:05:46 | INFO  | -        | system               | GET /openapi.json | status=200 | elapsed=0.028s | status=200 | elapsed=0.028s
2026-05-18 22:07:54 | INFO  | -        | system               | 系统关闭 | 服务正在关闭 | 服务正在关闭
2026-05-18 22:08:23 | INFO  | -        | system               | 系统启动 | 日志系统已初始化 | Legal Consultation API v2.0.0 | 日志系统已初始化 | Legal Consultation API v2.0.0
2026-05-18 22:08:23 | INFO  | -        | system               | 系统关闭 | 服务正在关闭 | 服务正在关闭
2026-05-18 22:08:46 | INFO  | -        | system               | 系统启动 | 日志系统已初始化 | Legal Consultation API v2.0.0 | 日志系统已初始化 | Legal Consultation API v2.0.0
2026-05-18 22:08:46 | INFO  | -        | system               | 系统关闭 | 服务正在关闭 | 服务正在关闭
2026-05-18 22:09:09 | INFO  | -        | system               | 系统启动 | 日志系统已初始化 | Legal Consultation API v2.0.0 | 日志系统已初始化 | Legal Consultation API v2.0.0
2026-05-18 22:09:09 | INFO  | -        | system               | 系统关闭 | 服务正在关闭 | 服务正在关闭
2026-05-18 22:09:32 | INFO  | -        | system               | 系统启动 | 日志系统已初始化 | Legal Consultation API v2.0.0 | 日志系统已初始化 | Legal Consultation API v2.0.0
2026-05-18 22:09:32 | INFO  | -        | system               | 系统关闭 | 服务正在关闭 | 服务正在关闭
2026-05-18 22:09:57 | INFO  | -        | system               | 系统启动 | 日志系统已初始化 | Legal Consultation API v2.0.0 | 日志系统已初始化 | Legal Consultation API v2.0.0
2026-05-18 22:09:57 | INFO  | -        | system               | 系统关闭 | 服务正在关闭 | 服务正在关闭
2026-05-18 22:10:20 | INFO  | -        | system               | 系统启动 | 日志系统已初始化 | Legal Consultation API v2.0.0 | 日志系统已初始化 | Legal Consultation API v2.0.0
2026-05-18 22:10:21 | INFO  | -        | system               | 系统关闭 | 服务正在关闭 | 服务正在关闭
2026-05-18 22:10:46 | INFO  | -        | system               | 系统启动 | 日志系统已初始化 | Legal Consultation API v2.0.0 | 日志系统已初始化 | Legal Consultation API v2.0.0
2026-05-18 22:10:46 | INFO  | -        | system               | 系统关闭 | 服务正在关闭 | 服务正在关闭
2026-05-18 22:11:11 | INFO  | -        | system               | 系统启动 | 日志系统已初始化 | Legal Consultation API v2.0.0 | 日志系统已初始化 | Legal Consultation API v2.0.0
2026-05-18 22:11:11 | INFO  | -        | system               | 系统关闭 | 服务正在关闭 | 服务正在关闭
2026-05-18 22:11:32 | INFO  | -        | system               | 系统启动 | 日志系统已初始化 | Legal Consultation API v2.0.0 | 日志系统已初始化 | Legal Consultation API v2.0.0
2026-05-18 22:12:08 | INFO  | -        | system               | 系统关闭 | 服务正在关闭 | 服务正在关闭
2026-05-19 00:43:27 | INFO  | -        | system               | 系统启动 | 日志系统已初始化 | Legal Consultation API v2.0.0 | 日志系统已初始化 | Legal Consultation API v2.0.0
2026-05-19 00:43:27 | INFO  | -        | system               | 系统关闭 | 服务正在关闭 | 服务正在关闭
2026-05-19 00:43:49 | INFO  | -        | system               | 系统启动 | 日志系统已初始化 | Legal Consultation API v2.0.0 | 日志系统已初始化 | Legal Consultation API v2.0.0
2026-05-19 00:45:28 | INFO  | -        | system               | 系统关闭 | 服务正在关闭 | 服务正在关闭
2026-05-19 00:45:57 | INFO  | -        | system               | 系统启动 | 日志系统已初始化 | Legal Consultation API v2.0.0 | 日志系统已初始化 | Legal Consultation API v2.0.0
2026-05-19 00:45:57 | INFO  | -        | system               | 系统关闭 | 服务正在关闭 | 服务正在关闭
2026-05-19 00:46:18 | INFO  | -        | system               | 系统启动 | 日志系统已初始化 | Legal Consultation API v2.0.0 | 日志系统已初始化 | Legal Consultation API v2.0.0
2026-05-19 00:46:26 | INFO  | -        | system               | 系统关闭 | 服务正在关闭 | 服务正在关闭
2026-05-19 00:46:54 | INFO  | -        | system               | 系统启动 | 日志系统已初始化 | Legal Consultation API v2.0.0 | 日志系统已初始化 | Legal Consultation API v2.0.0
2026-05-19 00:46:54 | INFO  | -        | system               | 系统关闭 | 服务正在关闭 | 服务正在关闭
2026-05-19 00:47:19 | INFO  | -        | system               | 系统启动 | 日志系统已初始化 | Legal Consultation API v2.0.0 | 日志系统已初始化 | Legal Consultation API v2.0.0
2026-05-19 00:47:19 | INFO  | -        | system               | 系统关闭 | 服务正在关闭 | 服务正在关闭
2026-05-19 00:47:45 | INFO  | -        | system               | 系统启动 | 日志系统已初始化 | Legal Consultation API v2.0.0 | 日志系统已初始化 | Legal Consultation API v2.0.0
2026-05-19 00:47:45 | INFO  | -        | system               | 系统关闭 | 服务正在关闭 | 服务正在关闭
2026-05-19 00:48:06 | INFO  | -        | system               | 系统启动 | 日志系统已初始化 | Legal Consultation API v2.0.0 | 日志系统已初始化 | Legal Consultation API v2.0.0
2026-05-19 00:48:06 | INFO  | -        | system               | 系统关闭 | 服务正在关闭 | 服务正在关闭
2026-05-19 00:48:24 | INFO  | -        | system               | 系统启动 | 日志系统已初始化 | Legal Consultation API v2.0.0 | 日志系统已初始化 | Legal Consultation API v2.0.0
2026-05-19 00:48:37 | INFO  | -        | system               | 系统关闭 | 服务正在关闭 | 服务正在关闭
2026-05-19 00:48:59 | INFO  | -        | system               | 系统启动 | 日志系统已初始化 | Legal Consultation API v2.0.0 | 日志系统已初始化 | Legal Consultation API v2.0.0
2026-05-19 00:48:59 | INFO  | -        | system               | 系统关闭 | 服务正在关闭 | 服务正在关闭
2026-05-19 00:49:19 | INFO  | -        | system               | 系统启动 | 日志系统已初始化 | Legal Consultation API v2.0.0 | 日志系统已初始化 | Legal Consultation API v2.0.0
2026-05-19 00:51:01 | INFO  | -        | system               | 系统关闭 | 服务正在关闭 | 服务正在关闭
2026-05-19 00:51:21 | INFO  | -        | system               | 系统启动 | 日志系统已初始化 | Legal Consultation API v2.0.0 | 日志系统已初始化 | Legal Consultation API v2.0.0
2026-05-19 00:51:22 | INFO  | -        | system               | 系统关闭 | 服务正在关闭 | 服务正在关闭
2026-05-19 00:51:41 | INFO  | -        | system               | 系统启动 | 日志系统已初始化 | Legal Consultation API v2.0.0 | 日志系统已初始化 | Legal Consultation API v2.0.0
2026-05-19 00:52:41 | INFO  | -        | system               | 系统关闭 | 服务正在关闭 | 服务正在关闭
2026-05-19 00:53:03 | INFO  | -        | system               | 系统启动 | 日志系统已初始化 | Legal Consultation API v2.0.0 | 日志系统已初始化 | Legal Consultation API v2.0.0
2026-05-19 00:53:03 | INFO  | -        | system               | 系统关闭 | 服务正在关闭 | 服务正在关闭
2026-05-19 00:53:24 | INFO  | -        | system               | 系统启动 | 日志系统已初始化 | Legal Consultation API v2.0.0 | 日志系统已初始化 | Legal Consultation API v2.0.0
2026-05-19 00:53:24 | INFO  | -        | system               | 系统关闭 | 服务正在关闭 | 服务正在关闭
2026-05-19 00:53:45 | INFO  | -        | system               | 系统启动 | 日志系统已初始化 | Legal Consultation API v2.0.0 | 日志系统已初始化 | Legal Consultation API v2.0.0
2026-05-19 00:53:45 | INFO  | -        | system               | 系统关闭 | 服务正在关闭 | 服务正在关闭
2026-05-19 00:54:08 | INFO  | -        | system               | 系统启动 | 日志系统已初始化 | Legal Consultation API v2.0.0 | 日志系统已初始化 | Legal Consultation API v2.0.0
2026-05-19 00:56:27 | INFO  | -        | system               | 系统关闭 | 服务正在关闭 | 服务正在关闭
2026-05-19 00:56:57 | INFO  | -        | system               | 系统启动 | 日志系统已初始化 | Legal Consultation API v2.0.0 | 日志系统已初始化 | Legal Consultation API v2.0.0
2026-05-19 00:56:58 | INFO  | -        | system               | 系统关闭 | 服务正在关闭 | 服务正在关闭
2026-05-19 00:57:22 | INFO  | -        | system               | 系统启动 | 日志系统已初始化 | Legal Consultation API v2.0.0 | 日志系统已初始化 | Legal Consultation API v2.0.0
2026-05-19 00:57:22 | INFO  | -        | system               | 系统关闭 | 服务正在关闭 | 服务正在关闭
2026-05-19 00:57:47 | INFO  | -        | system               | 系统启动 | 日志系统已初始化 | Legal Consultation API v2.0.0 | 日志系统已初始化 | Legal Consultation API v2.0.0
2026-05-19 00:57:47 | INFO  | -        | system               | 系统关闭 | 服务正在关闭 | 服务正在关闭
2026-05-19 00:58:06 | INFO  | -        | system               | 系统启动 | 日志系统已初始化 | Legal Consultation API v2.0.0 | 日志系统已初始化 | Legal Consultation API v2.0.0
2026-05-19 01:00:23 | INFO  | -        | system               | 系统关闭 | 服务正在关闭 | 服务正在关闭
2026-05-19 01:00:51 | INFO  | -        | system               | 系统启动 | 日志系统已初始化 | Legal Consultation API v2.0.0 | 日志系统已初始化 | Legal Consultation API v2.0.0
2026-05-19 01:00:51 | INFO  | -        | system               | 系统关闭 | 服务正在关闭 | 服务正在关闭
2026-05-19 01:01:15 | INFO  | -        | system               | 系统启动 | 日志系统已初始化 | Legal Consultation API v2.0.0 | 日志系统已初始化 | Legal Consultation API v2.0.0
2026-05-19 01:01:30 | INFO  | -        | system               | 系统关闭 | 服务正在关闭 | 服务正在关闭
2026-05-19 01:01:54 | INFO  | -        | system               | 系统启动 | 日志系统已初始化 | Legal Consultation API v2.0.0 | 日志系统已初始化 | Legal Consultation API v2.0.0
2026-05-19 01:01:54 | INFO  | -        | system               | 系统关闭 | 服务正在关闭 | 服务正在关闭
2026-05-19 01:02:21 | INFO  | -        | system               | 系统启动 | 日志系统已初始化 | Legal Consultation API v2.0.0 | 日志系统已初始化 | Legal Consultation API v2.0.0
2026-05-19 01:02:21 | INFO  | -        | system               | 系统关闭 | 服务正在关闭 | 服务正在关闭
2026-05-19 01:02:45 | INFO  | -        | system               | 系统启动 | 日志系统已初始化 | Legal Consultation API v2.0.0 | 日志系统已初始化 | Legal Consultation API v2.0.0
2026-05-19 01:02:45 | INFO  | -        | system               | 系统关闭 | 服务正在关闭 | 服务正在关闭
2026-05-19 01:03:06 | INFO  | -        | system               | 系统启动 | 日志系统已初始化 | Legal Consultation API v2.0.0 | 日志系统已初始化 | Legal Consultation API v2.0.0
