2026-05-22 09:37:09 | INFO  | -        | system               | 系统启动 | 日志系统已初始化 | Legal Consultation API v2.0.0 | 日志系统已初始化 | Legal Consultation API v2.0.0
2026-05-22 09:37:09 | INFO  | -        | system               | GET / | status=404 | elapsed=0.001s | status=404 | elapsed=0.001s
2026-05-22 09:37:09 | INFO  | -        | system               | GET /favicon.ico | status=404 | elapsed=0.002s | status=404 | elapsed=0.002s
2026-05-22 09:37:15 | INFO  | -        | system               | GET /docs | status=200 | elapsed=0.002s | status=200 | elapsed=0.002s
2026-05-22 09:37:18 | INFO  | -        | system               | GET /openapi.json | status=200 | elapsed=0.037s | status=200 | elapsed=0.037s
2026-05-22 09:52:27 | INFO  | string   | system               | 初始化 RAG_service (冷启动) | 首次加载嵌入模型 + 重排序模型 + BM25 编码器 | 首次加载嵌入模型 + 重排序模型 + BM25 编码器
2026-05-22 09:52:50 | INFO  | string   | system               | RAG_service 初始化完成 | 嵌入 + 重排序 + BM25 模型已就绪 | 嵌入 + 重排序 + BM25 模型已就绪
2026-05-22 09:52:58 | INFO  | string   | system               | 初始化 Memory Embedder (冷启动) | model=BAAI/bge-large-zh-v1.5 | model=BAAI/bge-large-zh-v1.5
2026-05-22 09:58:12 | INFO  | -        | system               | POST /ask | status=500 | elapsed=393.337s | status=500 | elapsed=393.337s
2026-05-22 10:25:44 | INFO  | -        | system               | 系统关闭 | 服务正在关闭 | 服务正在关闭
2026-05-22 10:26:37 | INFO  | -        | system               | 系统启动 | 日志系统已初始化 | Legal Consultation API v2.0.0 | 日志系统已初始化 | Legal Consultation API v2.0.0
2026-05-22 10:46:52 | INFO  | -        | system               | 系统关闭 | 服务正在关闭 | 服务正在关闭
2026-05-22 10:47:37 | INFO  | -        | system               | 系统启动 | 日志系统已初始化 | Legal Consultation API v2.0.0 | 日志系统已初始化 | Legal Consultation API v2.0.0
2026-05-22 10:47:37 | INFO  | -        | system               | 系统关闭 | 服务正在关闭 | 服务正在关闭
2026-05-22 10:48:17 | INFO  | -        | system               | 系统启动 | 日志系统已初始化 | Legal Consultation API v2.0.0 | 日志系统已初始化 | Legal Consultation API v2.0.0
2026-05-22 10:48:17 | INFO  | -        | system               | 系统关闭 | 服务正在关闭 | 服务正在关闭
2026-05-22 10:48:47 | INFO  | -        | system               | 系统启动 | 日志系统已初始化 | Legal Consultation API v2.0.0 | 日志系统已初始化 | Legal Consultation API v2.0.0
2026-05-22 10:49:25 | INFO  | -        | system               | 系统关闭 | 服务正在关闭 | 服务正在关闭
2026-05-22 10:50:06 | INFO  | -        | system               | 系统启动 | 日志系统已初始化 | Legal Consultation API v2.0.0 | 日志系统已初始化 | Legal Consultation API v2.0.0
2026-05-22 10:50:06 | INFO  | -        | system               | 系统关闭 | 服务正在关闭 | 服务正在关闭
2026-05-22 10:50:41 | INFO  | -        | system               | 系统启动 | 日志系统已初始化 | Legal Consultation API v2.0.0 | 日志系统已初始化 | Legal Consultation API v2.0.0
2026-05-22 10:50:41 | INFO  | -        | system               | 系统关闭 | 服务正在关闭 | 服务正在关闭
2026-05-22 10:51:12 | INFO  | -        | system               | 系统启动 | 日志系统已初始化 | Legal Consultation API v2.0.0 | 日志系统已初始化 | Legal Consultation API v2.0.0
2026-05-22 15:10:12 | INFO  | string   | system               | 初始化 RAG_service (冷启动) | 首次加载嵌入模型 + 重排序模型 + BM25 编码器 | 首次加载嵌入模型 + 重排序模型 + BM25 编码器
2026-05-22 15:10:42 | INFO  | string   | system               | RAG_service 初始化完成 | 嵌入 + 重排序 + BM25 模型已就绪 | 嵌入 + 重排序 + BM25 模型已就绪
2026-05-22 15:10:54 | INFO  | string   | system               | 初始化 Memory Embedder (冷启动) | model=BAAI/bge-large-zh-v1.5 | model=BAAI/bge-large-zh-v1.5
2026-05-22 15:11:48 | INFO  | -        | system               | POST /ask | status=200 | elapsed=142.335s | status=200 | elapsed=142.335s
2026-05-22 15:19:14 | INFO  | -        | system               | 系统关闭 | 服务正在关闭 | 服务正在关闭
2026-05-22 15:19:59 | INFO  | -        | system               | 系统启动 | 日志系统已初始化 | Legal Consultation API v2.0.0 | 日志系统已初始化 | Legal Consultation API v2.0.0
2026-05-22 15:19:59 | INFO  | -        | system               | 系统关闭 | 服务正在关闭 | 服务正在关闭
2026-05-22 15:20:34 | INFO  | -        | system               | 系统启动 | 日志系统已初始化 | Legal Consultation API v2.0.0 | 日志系统已初始化 | Legal Consultation API v2.0.0
2026-05-22 15:30:43 | INFO  | -        | system               | 系统关闭 | 服务正在关闭 | 服务正在关闭
2026-05-22 15:31:22 | INFO  | -        | system               | 系统启动 | 日志系统已初始化 | Legal Consultation API v2.0.0 | 日志系统已初始化 | Legal Consultation API v2.0.0
2026-05-22 15:31:22 | INFO  | -        | system               | 系统关闭 | 服务正在关闭 | 服务正在关闭
2026-05-22 15:31:56 | INFO  | -        | system               | 系统启动 | 日志系统已初始化 | Legal Consultation API v2.0.0 | 日志系统已初始化 | Legal Consultation API v2.0.0
2026-05-22 15:49:54 | INFO  | -        | system               | 系统关闭 | 服务正在关闭 | 服务正在关闭
2026-05-22 15:50:39 | INFO  | -        | system               | 系统启动 | 日志系统已初始化 | Legal Consultation API v2.0.0 | 日志系统已初始化 | Legal Consultation API v2.0.0
2026-05-22 15:50:39 | INFO  | -        | system               | 系统关闭 | 服务正在关闭 | 服务正在关闭
2026-05-22 15:51:09 | INFO  | -        | system               | 系统启动 | 日志系统已初始化 | Legal Consultation API v2.0.0 | 日志系统已初始化 | Legal Consultation API v2.0.0
2026-05-22 15:52:08 | INFO  | -        | system               | 系统关闭 | 服务正在关闭 | 服务正在关闭
2026-05-22 15:52:50 | INFO  | -        | system               | 系统启动 | 日志系统已初始化 | Legal Consultation API v2.0.0 | 日志系统已初始化 | Legal Consultation API v2.0.0
2026-05-22 15:52:50 | INFO  | -        | system               | 系统关闭 | 服务正在关闭 | 服务正在关闭
2026-05-22 15:53:20 | INFO  | -        | system               | 系统启动 | 日志系统已初始化 | Legal Consultation API v2.0.0 | 日志系统已初始化 | Legal Consultation API v2.0.0
2026-05-22 15:57:15 | INFO  | -        | system               | 系统关闭 | 服务正在关闭 | 服务正在关闭
2026-05-22 15:57:48 | INFO  | -        | system               | 系统启动 | 日志系统已初始化 | Legal Consultation API v2.0.0 | 日志系统已初始化 | Legal Consultation API v2.0.0
2026-05-22 15:57:48 | INFO  | -        | system               | 系统关闭 | 服务正在关闭 | 服务正在关闭
2026-05-22 15:58:18 | INFO  | -        | system               | 系统启动 | 日志系统已初始化 | Legal Consultation API v2.0.0 | 日志系统已初始化 | Legal Consultation API v2.0.0
2026-05-22 16:03:49 | INFO  | -        | system               | 系统关闭 | 服务正在关闭 | 服务正在关闭
2026-05-22 16:04:32 | INFO  | -        | system               | 系统启动 | 日志系统已初始化 | Legal Consultation API v2.0.0 | 日志系统已初始化 | Legal Consultation API v2.0.0
2026-05-22 16:04:32 | INFO  | -        | system               | 系统关闭 | 服务正在关闭 | 服务正在关闭
2026-05-22 16:05:07 | INFO  | -        | system               | 系统启动 | 日志系统已初始化 | Legal Consultation API v2.0.0 | 日志系统已初始化 | Legal Consultation API v2.0.0
2026-05-22 16:53:14 | INFO  | -        | system               | 系统关闭 | 服务正在关闭 | 服务正在关闭
2026-05-22 16:54:02 | INFO  | -        | system               | 系统启动 | 日志系统已初始化 | Legal Consultation API v2.0.0 | 日志系统已初始化 | Legal Consultation API v2.0.0
2026-05-22 16:54:02 | INFO  | -        | system               | 系统关闭 | 服务正在关闭 | 服务正在关闭
2026-05-22 16:54:34 | INFO  | -        | system               | 系统启动 | 日志系统已初始化 | Legal Consultation API v2.0.0 | 日志系统已初始化 | Legal Consultation API v2.0.0
2026-05-22 16:56:06 | INFO  | -        | system               | 系统关闭 | 服务正在关闭 | 服务正在关闭
2026-05-22 16:56:41 | INFO  | -        | system               | 系统启动 | 日志系统已初始化 | Legal Consultation API v2.0.0 | 日志系统已初始化 | Legal Consultation API v2.0.0
2026-05-22 16:56:41 | INFO  | -        | system               | 系统关闭 | 服务正在关闭 | 服务正在关闭
2026-05-22 16:57:10 | INFO  | -        | system               | 系统启动 | 日志系统已初始化 | Legal Consultation API v2.0.0 | 日志系统已初始化 | Legal Consultation API v2.0.0
2026-05-22 16:57:29 | INFO  | -        | system               | 系统关闭 | 服务正在关闭 | 服务正在关闭
2026-05-22 16:58:07 | INFO  | -        | system               | 系统启动 | 日志系统已初始化 | Legal Consultation API v2.0.0 | 日志系统已初始化 | Legal Consultation API v2.0.0
2026-05-22 16:58:07 | INFO  | -        | system               | 系统关闭 | 服务正在关闭 | 服务正在关闭
2026-05-22 16:58:47 | INFO  | -        | system               | 系统启动 | 日志系统已初始化 | Legal Consultation API v2.0.0 | 日志系统已初始化 | Legal Consultation API v2.0.0
2026-05-22 16:58:48 | INFO  | -        | system               | 系统关闭 | 服务正在关闭 | 服务正在关闭
2026-05-22 16:59:20 | INFO  | -        | system               | 系统启动 | 日志系统已初始化 | Legal Consultation API v2.0.0 | 日志系统已初始化 | Legal Consultation API v2.0.0
2026-05-22 16:59:20 | INFO  | -        | system               | 系统关闭 | 服务正在关闭 | 服务正在关闭
2026-05-22 17:00:01 | INFO  | -        | system               | 系统启动 | 日志系统已初始化 | Legal Consultation API v2.0.0 | 日志系统已初始化 | Legal Consultation API v2.0.0
2026-05-22 17:00:01 | INFO  | -        | system               | 系统关闭 | 服务正在关闭 | 服务正在关闭
2026-05-22 17:00:35 | INFO  | -        | system               | 系统启动 | 日志系统已初始化 | Legal Consultation API v2.0.0 | 日志系统已初始化 | Legal Consultation API v2.0.0
2026-05-22 17:00:36 | INFO  | -        | system               | 系统关闭 | 服务正在关闭 | 服务正在关闭
2026-05-22 17:01:09 | INFO  | -        | system               | 系统启动 | 日志系统已初始化 | Legal Consultation API v2.0.0 | 日志系统已初始化 | Legal Consultation API v2.0.0
2026-05-22 17:06:40 | INFO  | -        | system               | 系统关闭 | 服务正在关闭 | 服务正在关闭
2026-05-22 17:07:24 | INFO  | -        | system               | 系统启动 | 日志系统已初始化 | Legal Consultation API v2.0.0 | 日志系统已初始化 | Legal Consultation API v2.0.0
2026-05-22 17:07:24 | INFO  | -        | system               | 系统关闭 | 服务正在关闭 | 服务正在关闭
2026-05-22 17:07:58 | INFO  | -        | system               | 系统启动 | 日志系统已初始化 | Legal Consultation API v2.0.0 | 日志系统已初始化 | Legal Consultation API v2.0.0
2026-05-22 17:08:06 | INFO  | -        | system               | 系统关闭 | 服务正在关闭 | 服务正在关闭
2026-05-22 17:09:00 | INFO  | -        | system               | 系统启动 | 日志系统已初始化 | Legal Consultation API v2.0.0 | 日志系统已初始化 | Legal Consultation API v2.0.0
2026-05-22 17:09:00 | INFO  | -        | system               | 系统关闭 | 服务正在关闭 | 服务正在关闭
2026-05-22 17:09:46 | INFO  | -        | system               | 系统启动 | 日志系统已初始化 | Legal Consultation API v2.0.0 | 日志系统已初始化 | Legal Consultation API v2.0.0
2026-05-22 17:09:46 | INFO  | -        | system               | 系统关闭 | 服务正在关闭 | 服务正在关闭
2026-05-22 17:10:24 | INFO  | -        | system               | 系统启动 | 日志系统已初始化 | Legal Consultation API v2.0.0 | 日志系统已初始化 | Legal Consultation API v2.0.0
2026-05-22 17:18:28 | INFO  | -        | system               | 系统关闭 | 服务正在关闭 | 服务正在关闭
2026-05-22 17:19:13 | INFO  | -        | system               | 系统启动 | 日志系统已初始化 | Legal Consultation API v2.0.0 | 日志系统已初始化 | Legal Consultation API v2.0.0
2026-05-22 17:19:13 | INFO  | -        | system               | 系统关闭 | 服务正在关闭 | 服务正在关闭
2026-05-22 17:19:56 | INFO  | -        | system               | 系统启动 | 日志系统已初始化 | Legal Consultation API v2.0.0 | 日志系统已初始化 | Legal Consultation API v2.0.0
2026-05-22 17:19:56 | INFO  | -        | system               | 系统关闭 | 服务正在关闭 | 服务正在关闭
2026-05-22 17:20:41 | INFO  | -        | system               | 系统启动 | 日志系统已初始化 | Legal Consultation API v2.0.0 | 日志系统已初始化 | Legal Consultation API v2.0.0
2026-05-22 17:20:41 | INFO  | -        | system               | 系统关闭 | 服务正在关闭 | 服务正在关闭
2026-05-22 17:21:18 | INFO  | -        | system               | 系统启动 | 日志系统已初始化 | Legal Consultation API v2.0.0 | 日志系统已初始化 | Legal Consultation API v2.0.0
2026-05-22 17:21:19 | INFO  | -        | system               | 系统关闭 | 服务正在关闭 | 服务正在关闭
2026-05-22 17:21:50 | INFO  | -        | system               | 系统启动 | 日志系统已初始化 | Legal Consultation API v2.0.0 | 日志系统已初始化 | Legal Consultation API v2.0.0
2026-05-22 17:23:37 | INFO  | -        | system               | 系统关闭 | 服务正在关闭 | 服务正在关闭
2026-05-22 17:24:09 | INFO  | -        | system               | 系统启动 | 日志系统已初始化 | Legal Consultation API v2.0.0 | 日志系统已初始化 | Legal Consultation API v2.0.0
2026-05-22 17:29:35 | INFO  | -        | system               | 系统关闭 | 服务正在关闭 | 服务正在关闭
2026-05-22 17:30:15 | INFO  | -        | system               | 系统启动 | 日志系统已初始化 | Legal Consultation API v2.0.0 | 日志系统已初始化 | Legal Consultation API v2.0.0
2026-05-22 17:30:15 | INFO  | -        | system               | 系统关闭 | 服务正在关闭 | 服务正在关闭
2026-05-22 17:30:49 | INFO  | -        | system               | 系统启动 | 日志系统已初始化 | Legal Consultation API v2.0.0 | 日志系统已初始化 | Legal Consultation API v2.0.0
2026-05-22 17:34:06 | INFO  | -        | system               | 系统关闭 | 服务正在关闭 | 服务正在关闭
2026-05-22 17:34:48 | INFO  | -        | system               | 系统启动 | 日志系统已初始化 | Legal Consultation API v2.0.0 | 日志系统已初始化 | Legal Consultation API v2.0.0
2026-05-22 17:34:48 | INFO  | -        | system               | 系统关闭 | 服务正在关闭 | 服务正在关闭
2026-05-22 17:35:20 | INFO  | -        | system               | 系统启动 | 日志系统已初始化 | Legal Consultation API v2.0.0 | 日志系统已初始化 | Legal Consultation API v2.0.0
